Starting a Gradle Daemon, 10 stopped Daemons could not be reused, use --status for details
> Task :compileJava
> Task :processResources UP-TO-DATE
> Task :classes
> Task :resolveMainClassName

> Task :bootRun

  .   ____          _            __ _ _
 /\\ / ___'_ __ _ _(_)_ __  __ _ \ \ \ \
( ( )\___ | '_ | '_| | '_ \/ _` | \ \ \ \
 \\/  ___)| |_)| | | | | || (_| |  ) ) ) )
  '  |____| .__|_| |_|_| |_\__, | / / / /
 =========|_|==============|___/=/_/_/_/

 :: Spring Boot ::                (v3.3.3)

2025-12-29T22:09:16.088+05:30  INFO 8172 --- [stayease] [  restartedMain] c.takehome.stayease.StayeaseApplication  : Starting StayeaseApplication using Java 17.0.7 with PID 8172 (/tmp/gradle_builds/stayease/stayease/classes/java/main started by crio-user in /home/crio-user/workspace/pushpakafasate90-ME_BUILDOUT_STAYEASE)
2025-12-29T22:09:16.093+05:30  INFO 8172 --- [stayease] [  restartedMain] c.takehome.stayease.StayeaseApplication  : No active profile set, falling back to 1 default profile: "default"
2025-12-29T22:09:16.155+05:30  INFO 8172 --- [stayease] [  restartedMain] .e.DevToolsPropertyDefaultsPostProcessor : Devtools property defaults active! Set 'spring.devtools.add-properties' to 'false' to disable
2025-12-29T22:09:16.155+05:30  INFO 8172 --- [stayease] [  restartedMain] .e.DevToolsPropertyDefaultsPostProcessor : For additional web related logging consider setting the 'logging.level.web' property to 'DEBUG'
2025-12-29T22:09:17.260+05:30  INFO 8172 --- [stayease] [  restartedMain] .s.d.r.c.RepositoryConfigurationDelegate : Bootstrapping Spring Data JPA repositories in DEFAULT mode.
2025-12-29T22:09:17.353+05:30  INFO 8172 --- [stayease] [  restartedMain] .s.d.r.c.RepositoryConfigurationDelegate : Finished Spring Data repository scanning in 71 ms. Found 3 JPA repository interfaces.
2025-12-29T22:09:18.071+05:30  INFO 8172 --- [stayease] [  restartedMain] o.s.b.w.embedded.tomcat.TomcatWebServer  : Tomcat initialized with port 8081 (http)
2025-12-29T22:09:18.087+05:30  INFO 8172 --- [stayease] [  restartedMain] o.apache.catalina.core.StandardService   : Starting service [Tomcat]
2025-12-29T22:09:18.087+05:30  INFO 8172 --- [stayease] [  restartedMain] o.apache.catalina.core.StandardEngine    : Starting Servlet engine: [Apache Tomcat/10.1.28]
2025-12-29T22:09:18.138+05:30  INFO 8172 --- [stayease] [  restartedMain] o.a.c.c.C.[Tomcat].[localhost].[/]       : Initializing Spring embedded WebApplicationContext
2025-12-29T22:09:18.140+05:30  INFO 8172 --- [stayease] [  restartedMain] w.s.c.ServletWebServerApplicationContext : Root WebApplicationContext: initialization completed in 1983 ms
2025-12-29T22:09:18.300+05:30  INFO 8172 --- [stayease] [  restartedMain] o.hibernate.jpa.internal.util.LogHelper  : HHH000204: Processing PersistenceUnitInfo [name: default]
2025-12-29T22:09:18.359+05:30  INFO 8172 --- [stayease] [  restartedMain] org.hibernate.Version                    : HHH000412: Hibernate ORM core version 6.5.2.Final
2025-12-29T22:09:18.395+05:30  INFO 8172 --- [stayease] [  restartedMain] o.h.c.internal.RegionFactoryInitiator    : HHH000026: Second-level cache disabled
2025-12-29T22:09:18.706+05:30  INFO 8172 --- [stayease] [  restartedMain] o.s.o.j.p.SpringPersistenceUnitInfo      : No LoadTimeWeaver setup: ignoring JPA class transformer
2025-12-29T22:09:18.733+05:30  INFO 8172 --- [stayease] [  restartedMain] com.zaxxer.hikari.HikariDataSource       : HikariPool-1 - Starting...
2025-12-29T22:09:19.080+05:30  INFO 8172 --- [stayease] [  restartedMain] com.zaxxer.hikari.pool.HikariPool        : HikariPool-1 - Added connection com.mysql.cj.jdbc.ConnectionImpl@68f6f916
2025-12-29T22:09:19.083+05:30  INFO 8172 --- [stayease] [  restartedMain] com.zaxxer.hikari.HikariDataSource       : HikariPool-1 - Start completed.
2025-12-29T22:09:19.138+05:30  WARN 8172 --- [stayease] [  restartedMain] org.hibernate.dialect.Dialect            : HHH000511: The 5.7.42 version for [org.hibernate.dialect.MySQLDialect] is no longer supported, hence certain features may not work properly. The minimum supported version is 8.0.0. Check the community dialects project for available legacy versions.
2025-12-29T22:09:20.141+05:30  INFO 8172 --- [stayease] [  restartedMain] o.h.e.t.j.p.i.JtaPlatformInitiator       : HHH000489: No JTA platform available (set 'hibernate.transaction.jta.platform' to enable JTA platform integration)
2025-12-29T22:09:20.218+05:30  INFO 8172 --- [stayease] [  restartedMain] j.LocalContainerEntityManagerFactoryBean : Initialized JPA EntityManagerFactory for persistence unit 'default'
2025-12-29T22:09:20.784+05:30  WARN 8172 --- [stayease] [  restartedMain] JpaBaseConfiguration$JpaWebConfiguration : spring.jpa.open-in-view is enabled by default. Therefore, database queries may be performed during view rendering. Explicitly configure spring.jpa.open-in-view to disable this warning
2025-12-29T22:09:20.838+05:30  INFO 8172 --- [stayease] [  restartedMain] r$InitializeUserDetailsManagerConfigurer : Global AuthenticationManager configured with UserDetailsService bean with name customUserDetailsService
2025-12-29T22:09:21.611+05:30  INFO 8172 --- [stayease] [  restartedMain] o.s.b.d.a.OptionalLiveReloadServer       : LiveReload server is running on port 35729
2025-12-29T22:09:21.654+05:30  INFO 8172 --- [stayease] [  restartedMain] o.s.b.w.embedded.tomcat.TomcatWebServer  : Tomcat started on port 8081 (http) with context path '/'
2025-12-29T22:09:21.669+05:30  INFO 8172 --- [stayease] [  restartedMain] c.takehome.stayease.StayeaseApplication  : Started StayeaseApplication in 6.11 seconds (process running for 6.685)
2025-12-29T22:09:22.614+05:30  INFO 8172 --- [stayease] [nio-8081-exec-1] o.a.c.c.C.[Tomcat].[localhost].[/]       : Initializing Spring DispatcherServlet 'dispatcherServlet'
2025-12-29T22:09:22.615+05:30  INFO 8172 --- [stayease] [nio-8081-exec-1] o.s.web.servlet.DispatcherServlet        : Initializing Servlet 'dispatcherServlet'
2025-12-29T22:09:22.617+05:30  INFO 8172 --- [stayease] [nio-8081-exec-1] o.s.web.servlet.DispatcherServlet        : Completed initialization in 2 ms
2025-12-29T22:09:23.430+05:30  WARN 8172 --- [stayease] [nio-8081-exec-3] .m.m.a.ExceptionHandlerExceptionResolver : Resolved [org.springframework.web.bind.MethodArgumentNotValidException: Validation failed for argument [0] in public org.springframework.http.ResponseEntity<com.takehome.stayease.dto.auth.AuthResponse> com.takehome.stayease.controller.AuthController.register(com.takehome.stayease.dto.auth.RegisterRequest): [Field error in object 'registerRequest' on field 'password': rejected value [weak]; codes [Pattern.registerRequest.password,Pattern.password,Pattern.java.lang.String,Pattern]; arguments [org.springframework.context.support.DefaultMessageSourceResolvable: codes [registerRequest.password,password]; arguments []; default message [password],[Ljakarta.validation.constraints.Pattern$Flag;@671e0af8,^(?=.*[A-Z])(?=.*[a-z])(?=.*\d)(?=.*[@$!%*?&]).{8,}$]; default message [Password must be at least 8 characters, contain uppercase, lowercase, number, and special character]] ]
2025-12-29T22:09:23.449+05:30  WARN 8172 --- [stayease] [nio-8081-exec-7] .m.m.a.ExceptionHandlerExceptionResolver : Resolved [org.springframework.web.bind.MethodArgumentNotValidException: Validation failed for argument [0] in public org.springframework.http.ResponseEntity<com.takehome.stayease.dto.auth.AuthResponse> com.takehome.stayease.controller.AuthController.register(com.takehome.stayease.dto.auth.RegisterRequest): [Field error in object 'registerRequest' on field 'email': rejected value [invalid-email]; codes [Email.registerRequest.email,Email.email,Email.java.lang.String,Email]; arguments [org.springframework.context.support.DefaultMessageSourceResolvable: codes [registerRequest.email,email]; arguments []; default message [email],[Ljakarta.validation.constraints.Pattern$Flag;@2883613d,.*]; default message [must be a well-formed email address]] ]
2025-12-29T22:09:23.736+05:30  WARN 8172 --- [stayease] [io-8081-exec-10] .m.m.a.ExceptionHandlerExceptionResolver : Resolved [java.lang.RuntimeException: Invalid credentials]
2025-12-29T22:09:23.927+05:30  WARN 8172 --- [stayease] [nio-8081-exec-6] .m.m.a.ExceptionHandlerExceptionResolver : Resolved [org.springframework.security.authorization.AuthorizationDeniedException: Access Denied]
2025-12-29T22:09:24.277+05:30  WARN 8172 --- [stayease] [nio-8081-exec-1] .m.m.a.ExceptionHandlerExceptionResolver : Resolved [org.springframework.security.authorization.AuthorizationDeniedException: Access Denied]
2025-12-29T22:09:24.377+05:30  WARN 8172 --- [stayease] [nio-8081-exec-7] .m.m.a.ExceptionHandlerExceptionResolver : Resolved [java.lang.RuntimeException: No rooms available]
2025-12-29T22:09:24.463+05:30  WARN 8172 --- [stayease] [io-8081-exec-10] .m.m.a.ExceptionHandlerExceptionResolver : Resolved [org.springframework.security.authorization.AuthorizationDeniedException: Access Denied]
